// Vitest Snapshot v1, https://vitest.dev/guide/snapshot.html

exports[`AsyncApiDocumentBuilder > getSpec() > should return the document 1`] = `
{
  "asyncapi": "2.5.0",
  "channels": {},
  "components": {},
  "info": {
    "title": "test",
    "version": "1.0.0",
  },
  "servers": {},
  "tags": [],
}
`;

exports[`AsyncApiDocumentBuilder > getSpecAsJson() > should return the document 1`] = `"{"asyncapi":"2.5.0","info":{"title":"test","version":"1.0.0"},"tags":[],"servers":{},"channels":{},"components":{}}"`;

exports[`AsyncApiDocumentBuilder > getSpecAsYaml() > should return the document 1`] = `
"asyncapi: 2.5.0
info:
  title: test
  version: 1.0.0
tags: []
servers: {}
channels: {}
components: {}
"
`;
