// Vitest Snapshot v1, https://vitest.dev/guide/snapshot.html

exports[`Common helpers > getMessageFromError() > should compile a string from ZodError 1`] = `"user/id: expected number, got string; user/name: expected string, got number"`;

exports[`Common helpers > getMessageFromError() > should handle [ +0 ] path in ZodIssue 1`] = `"0: Custom error"`;

exports[`Common helpers > getMessageFromError() > should handle [ 1, 'some' ] path in ZodIssue 1`] = `"1/some: Custom error"`;

exports[`Common helpers > getMessageFromError() > should handle [] path in ZodIssue 1`] = `"Custom error"`;

exports[`Common helpers > getMessageFromError() > should pass message from other error types 0 1`] = `"something went wrong"`;

exports[`Common helpers > getMessageFromError() > should pass message from other error types 1 1`] = `"something went wrong"`;

exports[`Common helpers > makeCleanId() > should generate valid identifier from the supplied strings 0 1`] = `"Get"`;

exports[`Common helpers > makeCleanId() > should generate valid identifier from the supplied strings 1 1`] = `"PostSomething"`;

exports[`Common helpers > makeCleanId() > should generate valid identifier from the supplied strings 2 1`] = `"DeleteUserPermanently"`;

exports[`Common helpers > makeCleanId() > should generate valid identifier from the supplied strings 3 1`] = `"PatchUserAffiliatedAccount"`;

exports[`Common helpers > makeCleanId() > should generate valid identifier from the supplied strings 4 1`] = `"PutAssetsIntoStorageIdentifier"`;

exports[`Common helpers > makeCleanId() > should generate valid identifier from the supplied strings 5 1`] = `"GetFlightDetailsFromToSeatId"`;

exports[`Common helpers > makeCleanId() > should generate valid identifier from the supplied strings 6 1`] = `"GetCompanysCompanyIdUsersUserId"`;
