// Vitest Snapshot v1, https://vitest.dev/guide/snapshot.html

exports[`Integration helpers > makeCleanId() > should generate valid identifier from the supplied strings 0 1`] = `"Get"`;

exports[`Integration helpers > makeCleanId() > should generate valid identifier from the supplied strings 1 1`] = `"PostSomething"`;

exports[`Integration helpers > makeCleanId() > should generate valid identifier from the supplied strings 2 1`] = `"DeleteUserPermanently"`;

exports[`Integration helpers > makeCleanId() > should generate valid identifier from the supplied strings 3 1`] = `"PatchUserAffiliatedAccount"`;

exports[`Integration helpers > makeCleanId() > should generate valid identifier from the supplied strings 4 1`] = `"PutAssetsIntoStorageIdentifier"`;

exports[`Integration helpers > makeCleanId() > should generate valid identifier from the supplied strings 5 1`] = `"GetFlightDetailsFromToSeatId"`;

exports[`Integration helpers > makeCleanId() > should generate valid identifier from the supplied strings 6 1`] = `"GetCompanysCompanyIdUsersUserId"`;
